  源.cpp
C:\Users\Linxiaorou\Desktop\lianliankan\lianliankan\源.cpp(1,4): error C2014: 预处理器命令必须作为第一个非空白空间启动
C:\Program Files\Microsoft Visual Studio\2022\Community\VC\Tools\MSVC\14.44.35207\include\sal.h(2361,1): error C2144: 语法错误:“int”的前面应有“;”
  (编译源文件“源.cpp”)
  
C:\Users\Linxiaorou\Desktop\lianliankan\lianliankan\源.cpp(1,1): error C4430: 缺少类型说明符 - 假定为 int。注意: C++ 不支持默认 int
C:\Users\Linxiaorou\Desktop\lianliankan\lianliankan\源.cpp(60,1): error C4430: 缺少类型说明符 - 假定为 int。注意: C++ 不支持默认 int
C:\Users\Linxiaorou\Desktop\lianliankan\lianliankan\源.cpp(60,7): error C2146: 语法错误: 缺少“;”(在标识符“images”的前面)
C:\Users\Linxiaorou\Desktop\lianliankan\lianliankan\源.cpp(441,31): error C2065: “images”: 未声明的标识符
C:\Users\Linxiaorou\Desktop\lianliankan\lianliankan\源.cpp(441,3): error C3861: “putimage”: 找不到标识符
C:\Users\Linxiaorou\Desktop\lianliankan\lianliankan\源.cpp(446,3): error C3861: “setlinecolor”: 找不到标识符
C:\Users\Linxiaorou\Desktop\lianliankan\lianliankan\源.cpp(447,3): error C3861: “setlinestyle”: 找不到标识符
C:\Users\Linxiaorou\Desktop\lianliankan\lianliankan\源.cpp(448,3): error C3861: “rectangle”: 找不到标识符
C:\Users\Linxiaorou\Desktop\lianliankan\lianliankan\源.cpp(451,3): error C3861: “setlinecolor”: 找不到标识符
C:\Users\Linxiaorou\Desktop\lianliankan\lianliankan\源.cpp(452,3): error C3861: “setlinestyle”: 找不到标识符
C:\Users\Linxiaorou\Desktop\lianliankan\lianliankan\源.cpp(453,3): error C3861: “rectangle”: 找不到标识符
C:\Users\Linxiaorou\Desktop\lianliankan\lianliankan\源.cpp(459,2): error C3861: “setlinecolor”: 找不到标识符
C:\Users\Linxiaorou\Desktop\lianliankan\lianliankan\源.cpp(461,3): error C3861: “line”: 找不到标识符
C:\Users\Linxiaorou\Desktop\lianliankan\lianliankan\源.cpp(465,3): error C3861: “line”: 找不到标识符
C:\Users\Linxiaorou\Desktop\lianliankan\lianliankan\源.cpp(478,2): error C3861: “setfillcolor”: 找不到标识符
C:\Users\Linxiaorou\Desktop\lianliankan\lianliankan\源.cpp(479,2): error C3861: “solidrectangle”: 找不到标识符
C:\Users\Linxiaorou\Desktop\lianliankan\lianliankan\源.cpp(481,2): error C3861: “settextstyle”: 找不到标识符
C:\Users\Linxiaorou\Desktop\lianliankan\lianliankan\源.cpp(482,15): error C2065: “BLACK”: 未声明的标识符
C:\Users\Linxiaorou\Desktop\lianliankan\lianliankan\源.cpp(482,2): error C3861: “settextcolor”: 找不到标识符
C:\Users\Linxiaorou\Desktop\lianliankan\lianliankan\源.cpp(483,2): error C3861: “setbkmode”: 找不到标识符
C:\Users\Linxiaorou\Desktop\lianliankan\lianliankan\源.cpp(487,2): error C3861: “outtextxy”: 找不到标识符
C:\Users\Linxiaorou\Desktop\lianliankan\lianliankan\源.cpp(491,2): error C3861: “outtextxy”: 找不到标识符
C:\Users\Linxiaorou\Desktop\lianliankan\lianliankan\源.cpp(496,2): error C3861: “outtextxy”: 找不到标识符
C:\Users\Linxiaorou\Desktop\lianliankan\lianliankan\源.cpp(500,3): error C3861: “setfillcolor”: 找不到标识符
C:\Users\Linxiaorou\Desktop\lianliankan\lianliankan\源.cpp(503,3): error C3861: “setfillcolor”: 找不到标识符
C:\Users\Linxiaorou\Desktop\lianliankan\lianliankan\源.cpp(506,2): error C3861: “solidrectangle”: 找不到标识符
C:\Users\Linxiaorou\Desktop\lianliankan\lianliankan\源.cpp(511,15): error C2065: “WHITE”: 未声明的标识符
C:\Users\Linxiaorou\Desktop\lianliankan\lianliankan\源.cpp(511,2): error C3861: “setfillcolor”: 找不到标识符
C:\Users\Linxiaorou\Desktop\lianliankan\lianliankan\源.cpp(512,2): error C3861: “solidrectangle”: 找不到标识符
C:\Users\Linxiaorou\Desktop\lianliankan\lianliankan\源.cpp(514,2): error C3861: “setbkmode”: 找不到标识符
C:\Users\Linxiaorou\Desktop\lianliankan\lianliankan\源.cpp(516,2): error C3861: “settextstyle”: 找不到标识符
C:\Users\Linxiaorou\Desktop\lianliankan\lianliankan\源.cpp(517,2): error C3861: “settextcolor”: 找不到标识符
C:\Users\Linxiaorou\Desktop\lianliankan\lianliankan\源.cpp(518,2): error C3861: “outtextxy”: 找不到标识符
C:\Users\Linxiaorou\Desktop\lianliankan\lianliankan\源.cpp(520,2): error C3861: “settextstyle”: 找不到标识符
C:\Users\Linxiaorou\Desktop\lianliankan\lianliankan\源.cpp(521,2): error C3861: “settextcolor”: 找不到标识符
C:\Users\Linxiaorou\Desktop\lianliankan\lianliankan\源.cpp(522,2): error C3861: “outtextxy”: 找不到标识符
C:\Users\Linxiaorou\Desktop\lianliankan\lianliankan\源.cpp(523,2): error C3861: “outtextxy”: 找不到标识符
C:\Users\Linxiaorou\Desktop\lianliankan\lianliankan\源.cpp(525,2): error C3861: “setfillcolor”: 找不到标识符
C:\Users\Linxiaorou\Desktop\lianliankan\lianliankan\源.cpp(526,2): error C3861: “solidrectangle”: 找不到标识符
C:\Users\Linxiaorou\Desktop\lianliankan\lianliankan\源.cpp(527,2): error C3861: “settextstyle”: 找不到标识符
C:\Users\Linxiaorou\Desktop\lianliankan\lianliankan\源.cpp(528,15): error C2065: “WHITE”: 未声明的标识符
C:\Users\Linxiaorou\Desktop\lianliankan\lianliankan\源.cpp(528,2): error C3861: “settextcolor”: 找不到标识符
C:\Users\Linxiaorou\Desktop\lianliankan\lianliankan\源.cpp(529,2): error C3861: “outtextxy”: 找不到标识符
C:\Users\Linxiaorou\Desktop\lianliankan\lianliankan\源.cpp(531,2): error C3861: “setfillcolor”: 找不到标识符
C:\Users\Linxiaorou\Desktop\lianliankan\lianliankan\源.cpp(532,2): error C3861: “solidrectangle”: 找不到标识符
C:\Users\Linxiaorou\Desktop\lianliankan\lianliankan\源.cpp(533,2): error C3861: “settextstyle”: 找不到标识符
C:\Users\Linxiaorou\Desktop\lianliankan\lianliankan\源.cpp(534,15): error C2065: “WHITE”: 未声明的标识符
C:\Users\Linxiaorou\Desktop\lianliankan\lianliankan\源.cpp(534,2): error C3861: “settextcolor”: 找不到标识符
C:\Users\Linxiaorou\Desktop\lianliankan\lianliankan\源.cpp(535,2): error C3861: “outtextxy”: 找不到标识符
C:\Users\Linxiaorou\Desktop\lianliankan\lianliankan\源.cpp(536,2): error C3861: “outtextxy”: 找不到标识符
C:\Users\Linxiaorou\Desktop\lianliankan\lianliankan\源.cpp(541,2): error C3861: “setfillcolor”: 找不到标识符
C:\Users\Linxiaorou\Desktop\lianliankan\lianliankan\源.cpp(542,2): error C3861: “solidrectangle”: 找不到标识符
C:\Users\Linxiaorou\Desktop\lianliankan\lianliankan\源.cpp(543,2): error C3861: “setbkmode”: 找不到标识符
C:\Users\Linxiaorou\Desktop\lianliankan\lianliankan\源.cpp(545,2): error C3861: “settextstyle”: 找不到标识符
C:\Users\Linxiaorou\Desktop\lianliankan\lianliankan\源.cpp(546,15): error C2065: “WHITE”: 未声明的标识符
C:\Users\Linxiaorou\Desktop\lianliankan\lianliankan\源.cpp(546,2): error C3861: “settextcolor”: 找不到标识符
C:\Users\Linxiaorou\Desktop\lianliankan\lianliankan\源.cpp(547,2): error C3861: “outtextxy”: 找不到标识符
C:\Users\Linxiaorou\Desktop\lianliankan\lianliankan\源.cpp(549,2): error C3861: “setfillcolor”: 找不到标识符
C:\Users\Linxiaorou\Desktop\lianliankan\lianliankan\源.cpp(550,2): error C3861: “solidrectangle”: 找不到标识符
C:\Users\Linxiaorou\Desktop\lianliankan\lianliankan\源.cpp(551,2): error C3861: “settextstyle”: 找不到标识符
C:\Users\Linxiaorou\Desktop\lianliankan\lianliankan\源.cpp(552,2): error C3861: “outtextxy”: 找不到标识符
C:\Users\Linxiaorou\Desktop\lianliankan\lianliankan\源.cpp(554,2): error C3861: “setfillcolor”: 找不到标识符
C:\Users\Linxiaorou\Desktop\lianliankan\lianliankan\源.cpp(555,2): error C3861: “solidrectangle”: 找不到标识符
C:\Users\Linxiaorou\Desktop\lianliankan\lianliankan\源.cpp(556,2): error C3861: “outtextxy”: 找不到标识符
C:\Users\Linxiaorou\Desktop\lianliankan\lianliankan\源.cpp(558,2): error C3861: “settextstyle”: 找不到标识符
C:\Users\Linxiaorou\Desktop\lianliankan\lianliankan\源.cpp(559,15): error C2065: “WHITE”: 未声明的标识符
C:\Users\Linxiaorou\Desktop\lianliankan\lianliankan\源.cpp(559,2): error C3861: “settextcolor”: 找不到标识符
C:\Users\Linxiaorou\Desktop\lianliankan\lianliankan\源.cpp(560,2): error C3861: “outtextxy”: 找不到标识符
C:\Users\Linxiaorou\Desktop\lianliankan\lianliankan\源.cpp(565,15): error C2065: “WHITE”: 未声明的标识符
C:\Users\Linxiaorou\Desktop\lianliankan\lianliankan\源.cpp(565,2): error C3861: “setfillcolor”: 找不到标识符
C:\Users\Linxiaorou\Desktop\lianliankan\lianliankan\源.cpp(566,2): error C3861: “solidrectangle”: 找不到标识符
C:\Users\Linxiaorou\Desktop\lianliankan\lianliankan\源.cpp(568,2): error C3861: “settextstyle”: 找不到标识符
C:\Users\Linxiaorou\Desktop\lianliankan\lianliankan\源.cpp(569,2): error C3861: “settextcolor”: 找不到标识符
C:\Users\Linxiaorou\Desktop\lianliankan\lianliankan\源.cpp(570,2): error C3861: “outtextxy”: 找不到标识符
C:\Users\Linxiaorou\Desktop\lianliankan\lianliankan\源.cpp(572,2): error C3861: “settextstyle”: 找不到标识符
C:\Users\Linxiaorou\Desktop\lianliankan\lianliankan\源.cpp(573,15): error C2065: “BLACK”: 未声明的标识符
C:\Users\Linxiaorou\Desktop\lianliankan\lianliankan\源.cpp(573,2): error C3861: “settextcolor”: 找不到标识符
C:\Users\Linxiaorou\Desktop\lianliankan\lianliankan\源.cpp(576,2): error C3861: “outtextxy”: 找不到标识符
C:\Users\Linxiaorou\Desktop\lianliankan\lianliankan\源.cpp(580,2): error C3861: “outtextxy”: 找不到标识符
C:\Users\Linxiaorou\Desktop\lianliankan\lianliankan\源.cpp(582,2): error C3861: “setfillcolor”: 找不到标识符
C:\Users\Linxiaorou\Desktop\lianliankan\lianliankan\源.cpp(583,2): error C3861: “solidrectangle”: 找不到标识符
C:\Users\Linxiaorou\Desktop\lianliankan\lianliankan\源.cpp(584,2): error C3861: “settextstyle”: 找不到标识符
C:\Users\Linxiaorou\Desktop\lianliankan\lianliankan\源.cpp(585,15): error C2065: “WHITE”: 未声明的标识符
C:\Users\Linxiaorou\Desktop\lianliankan\lianliankan\源.cpp(585,2): error C3861: “settextcolor”: 找不到标识符
C:\Users\Linxiaorou\Desktop\lianliankan\lianliankan\源.cpp(586,2): error C3861: “outtextxy”: 找不到标识符
C:\Users\Linxiaorou\Desktop\lianliankan\lianliankan\源.cpp(588,2): error C3861: “setfillcolor”: 找不到标识符
C:\Users\Linxiaorou\Desktop\lianliankan\lianliankan\源.cpp(589,2): error C3861: “solidrectangle”: 找不到标识符
C:\Users\Linxiaorou\Desktop\lianliankan\lianliankan\源.cpp(590,2): error C3861: “outtextxy”: 找不到标识符
C:\Users\Linxiaorou\Desktop\lianliankan\lianliankan\源.cpp(595,15): error C2065: “WHITE”: 未声明的标识符
C:\Users\Linxiaorou\Desktop\lianliankan\lianliankan\源.cpp(595,2): error C3861: “setfillcolor”: 找不到标识符
C:\Users\Linxiaorou\Desktop\lianliankan\lianliankan\源.cpp(596,2): error C3861: “solidrectangle”: 找不到标识符
C:\Users\Linxiaorou\Desktop\lianliankan\lianliankan\源.cpp(598,2): error C3861: “settextstyle”: 找不到标识符
C:\Users\Linxiaorou\Desktop\lianliankan\lianliankan\源.cpp(599,2): error C3861: “settextcolor”: 找不到标识符
C:\Users\Linxiaorou\Desktop\lianliankan\lianliankan\源.cpp(600,2): error C3861: “outtextxy”: 找不到标识符
C:\Users\Linxiaorou\Desktop\lianliankan\lianliankan\源.cpp(602,2): error C3861: “settextstyle”: 找不到标识符
C:\Users\Linxiaorou\Desktop\lianliankan\lianliankan\源.cpp(603,15): error C2065: “BLACK”: 未声明的标识符
C:\Users\Linxiaorou\Desktop\lianliankan\lianliankan\源.cpp(603,2): error C3861: “settextcolor”: 找不到标识符
C:\Users\Linxiaorou\Desktop\lianliankan\lianliankan\源.cpp(606,2): error C3861: “outtextxy”: 找不到标识符
C:\Users\Linxiaorou\Desktop\lianliankan\lianliankan\源.cpp(609,3): error C3861: “outtextxy”: 找不到标识符
C:\Users\Linxiaorou\Desktop\lianliankan\lianliankan\源.cpp(612,3): error C3861: “outtextxy”: 找不到标识符
C:\Users\Linxiaorou\Desktop\lianliankan\lianliankan\源.cpp(615,2): error C3861: “setfillcolor”: 找不到标识符
C:\Users\Linxiaorou\Desktop\lianliankan\lianliankan\源.cpp(615,2): error C1003: 错误计数超过 100；正在停止编译
